{"company":"Toyota","make":"Auris","price":28000,"datePurchased":"2017-12-15","image":"https://upload.wikimedia.org/wikipedia/commons/thumb/5/5a/2016_Toyota_Corolla_%28ZRE182R%29_Ascent_Sport_hatchback_%282017-01-30%29_01.jpg/1600px-2016_Toyota_Corolla_%28ZRE182R%29_Ascent_Sport_hatchback_%282017-01-30%29_01.jpg"}
