{"company":"Ford","make":"Focus","price":20000,"datePurchased":"2018-01-01","image":"./focus.jpg"}
