CarModel{company='SEAT', make='Ibiza', price=4000, datePurchased=2018-01-01, image='/link/to/car'}
