CarModel{company='Toyota', make='Auris', price=28000, datePurchased=2017-03-21, image='./auris.jpg'}
